// Jest Snapshot v1, https://goo.gl/fbAQLP

exports[`overview component should render correctly 1`] = `
Array [
  .emotion-0 {
  color: white;
  display: block;
  margin-bottom: 0.3rem;
  font-size: 1.4rem;
}

<span
    className="emotion-0"
  >
    Apple Inc.
     (
    AAPL
    )
  </span>,
  .emotion-0 {
  color: white;
  display: block;
  margin-bottom: 0.3rem;
  font-size: 0.9rem;
  font-style: italic;
  -webkit-text-decoration: none;
  text-decoration: none;
}

<a
    href="http://www.apple.com"
  >
    <span
      className="emotion-0"
    >
      http://www.apple.com
    </span>
  </a>,
  .emotion-0 {
  color: white;
  display: block;
  margin-bottom: 0.3rem;
}

<span
    className="emotion-0"
  >
    Apple Inc is designs, manufactures and markets mobile communication and media devices and personal computers, and sells a variety of related software, services, accessories, networking solutions and third-party digital content and applications.
  </span>,
]
`;
