// Jest Snapshot v1, https://goo.gl/fbAQLP

exports[` 1`] = `
Array [
  Array [
    Object {
      "peers": Array [
        "peers1",
        "peers2",
        "peers3",
        "peers4",
      ],
      "type": "PEERS_RECEIVED_ACTION",
    },
  ],
]
`;
