// Jest Snapshot v1, https://goo.gl/fbAQLP

exports[`Keystats Component should render key stats when keystats state updated 1`] = `
<div
  className="keystats-container"
>
  <div
    className="keystats-container__stat"
    key="Previous Close"
  >
    <span
      className="label label--small"
    >
      Previous Close
    </span>
    <span
      className="label"
    >
      10
    </span>
  </div>
  <div
    className="keystats-container__stat"
    key="Day Range"
  >
    <span
      className="label label--small"
    >
      Day Range
    </span>
    <span
      className="label"
    >
      10 - 100
    </span>
  </div>
  <div
    className="keystats-container__stat"
    key="Volume"
  >
    <span
      className="label label--small"
    >
      Volume
    </span>
    <span
      className="label"
    >
      10,000
    </span>
  </div>
  <div
    className="keystats-container__stat"
    key="Market Cap"
  >
    <span
      className="label label--small"
    >
      Market Cap
    </span>
    <span
      className="label"
    >
      100,000,000
    </span>
  </div>
  <div
    className="keystats-container__stat"
    key="P/E Ratio"
  >
    <span
      className="label label--small"
    >
      P/E Ratio
    </span>
    <span
      className="label"
    >
      10
    </span>
  </div>
  <div
    className="keystats-container__stat"
    key="Open"
  >
    <span
      className="label label--small"
    >
      Open
    </span>
    <span
      className="label"
    >
      10
    </span>
  </div>
  <div
    className="keystats-container__stat"
    key="52 Week Range"
  >
    <span
      className="label label--small"
    >
      52 Week Range
    </span>
    <span
      className="label"
    >
      10 - 100
    </span>
  </div>
  <div
    className="keystats-container__stat"
    key="Total Avg. Volume"
  >
    <span
      className="label label--small"
    >
      Total Avg. Volume
    </span>
    <span
      className="label"
    >
      10,000
    </span>
  </div>
  <div
    className="keystats-container__stat"
    key="Earnings Per Share"
  >
    <span
      className="label label--small"
    >
      Earnings Per Share
    </span>
    <span
      className="label"
    >
      10
    </span>
  </div>
  <div
    className="keystats-container__stat"
    key="Dividend & Yield"
  >
    <span
      className="label label--small"
    >
      Dividend & Yield
    </span>
    <span
      className="label"
    >
      10%
    </span>
  </div>
</div>
`;

exports[`Keystats Component should render status when keystats state is not SUCCESS 1`] = `
<div
  className="keystats-container"
>
  <span
    className="label"
  >
    FAILED
  </span>
</div>
`;
